// Jest Snapshot v1, https://goo.gl/fbAQLP

exports[`<Comment /> matches snapshot 1`] = `
<div>
  <li
    class="comment-container"
    data-testid="comment-container"
  >
    <div
      class="profile-image"
    >
      <img
        alt="profile image"
        src="https://randomuser.me/api/portraits/men/75.jpg"
      />
    </div>
    <div
      class="user-name"
    >
      <b>
        Brad
      </b>
       
      <span
        class="title"
      >
        author
      </span>
      <span
        class="posting-time"
      >
         Â· 
        2 MINUTES AGO
      </span>
    </div>
    <div
      class="content"
    >
      So what the German automaker is likely to focus on today is the bigger picture. This will be the first time we see the Taycan free from any prototype bodywork.
    </div>
    <section
      class="btn-section"
    >
      <button
        class="reply"
      >
        REPLY
      </button>
      <span
        class="replies"
      >
        21
      </span>
       REPLIES
      <span
        class="vote"
      >
        <button>
          <svg
            aria-hidden="true"
            class="svg-inline--fa fa-chevron-up fa-w-14 updown-icon"
            data-icon="chevron-up"
            data-prefix="fas"
            focusable="false"
            role="img"
            viewBox="0 0 448 512"
            xmlns="http://www.w3.org/2000/svg"
          >
            <path
              d="M240.971 130.524l194.343 194.343c9.373 9.373 9.373 24.569 0 33.941l-22.667 22.667c-9.357 9.357-24.522 9.375-33.901.04L224 227.495 69.255 381.516c-9.379 9.335-24.544 9.317-33.901-.04l-22.667-22.667c-9.373-9.373-9.373-24.569 0-33.941L207.03 130.525c9.372-9.373 24.568-9.373 33.941-.001z"
              fill="currentColor"
            />
          </svg>
          123
        </button>
      </span>
      <span
        class="vote"
      >
        <button>
          <svg
            aria-hidden="true"
            class="svg-inline--fa fa-chevron-down fa-w-14 updown-icon"
            data-icon="chevron-down"
            data-prefix="fas"
            focusable="false"
            role="img"
            viewBox="0 0 448 512"
            xmlns="http://www.w3.org/2000/svg"
          >
            <path
              d="M207.029 381.476L12.686 187.132c-9.373-9.373-9.373-24.569 0-33.941l22.667-22.667c9.357-9.357 24.522-9.375 33.901-.04L224 284.505l154.745-154.021c9.379-9.335 24.544-9.317 33.901.04l22.667 22.667c9.373 9.373 9.373 24.569 0 33.941L240.971 381.476c-9.373 9.372-24.569 9.372-33.942 0z"
              fill="currentColor"
            />
          </svg>
          0
        </button>
      </span>
    </section>
  </li>
</div>
`;
